[    2200ms] [ERROR] Refused to apply style from 'http://localhost:3000/_next/static/css/app/layout.css?v=1778958807418' because its MIME type ('text/html') is not a supported stylesheet MIME type, and strict MIME checking is enabled. @ http://localhost:3000/news:0
[    2256ms] [ERROR] Failed to load resource: the server responded with a status of 404 (Not Found) @ http://localhost:3000/_next/static/chunks/main-app.js?v=1778958807418:0
[    2256ms] [ERROR] Refused to execute script from 'http://localhost:3000/_next/static/chunks/main-app.js?v=1778958807418' because its MIME type ('text/html') is not executable, and strict MIME type checking is enabled. @ http://localhost:3000/news:0
[    2257ms] [ERROR] Failed to load resource: the server responded with a status of 404 (Not Found) @ http://localhost:3000/_next/static/chunks/app/news/page.js:0
[    2257ms] [ERROR] Refused to execute script from 'http://localhost:3000/_next/static/chunks/app/news/page.js' because its MIME type ('text/html') is not executable, and strict MIME type checking is enabled. @ http://localhost:3000/news:0
[    2258ms] [ERROR] Failed to load resource: the server responded with a status of 404 (Not Found) @ http://localhost:3000/_next/static/chunks/app-pages-internals.js:0
[    2258ms] [ERROR] Refused to execute script from 'http://localhost:3000/_next/static/chunks/app-pages-internals.js' because its MIME type ('text/html') is not executable, and strict MIME type checking is enabled. @ http://localhost:3000/news:0
[    2259ms] [ERROR] Failed to load resource: the server responded with a status of 404 (Not Found) @ http://localhost:3000/_next/static/chunks/app/layout.js:0
[    2259ms] [ERROR] Refused to execute script from 'http://localhost:3000/_next/static/chunks/app/layout.js' because its MIME type ('text/html') is not executable, and strict MIME type checking is enabled. @ http://localhost:3000/news:0
[    5412ms] [WARNING] The resource http://localhost:3000/_next/static/media/cd79e1ff94fa521b-s.p.woff2 was preloaded using link preload but not used within a few seconds from the window's load event. Please make sure it has an appropriate `as` value and it is preloaded intentionally. @ http://localhost:3000/news:0
[    5412ms] [WARNING] The resource http://localhost:3000/_next/static/media/5662512df8b0ccdf-s.p.woff2 was preloaded using link preload but not used within a few seconds from the window's load event. Please make sure it has an appropriate `as` value and it is preloaded intentionally. @ http://localhost:3000/news:0
[    5412ms] [WARNING] The resource http://localhost:3000/_next/static/media/e11f95d95ac59fa4-s.p.woff2 was preloaded using link preload but not used within a few seconds from the window's load event. Please make sure it has an appropriate `as` value and it is preloaded intentionally. @ http://localhost:3000/news:0
[    5412ms] [WARNING] The resource http://localhost:3000/_next/static/media/00f4982f357db61e-s.p.woff2 was preloaded using link preload but not used within a few seconds from the window's load event. Please make sure it has an appropriate `as` value and it is preloaded intentionally. @ http://localhost:3000/news:0
[    5412ms] [WARNING] The resource http://localhost:3000/_next/static/media/8ebc6e9dde468c4a-s.p.woff2 was preloaded using link preload but not used within a few seconds from the window's load event. Please make sure it has an appropriate `as` value and it is preloaded intentionally. @ http://localhost:3000/news:0
[    5412ms] [WARNING] The resource http://localhost:3000/_next/static/media/5ab5267d02dae909-s.p.woff2 was preloaded using link preload but not used within a few seconds from the window's load event. Please make sure it has an appropriate `as` value and it is preloaded intentionally. @ http://localhost:3000/news:0
[    5412ms] [WARNING] The resource http://localhost:3000/_next/static/media/9ddf1512dbee9c99-s.p.woff2 was preloaded using link preload but not used within a few seconds from the window's load event. Please make sure it has an appropriate `as` value and it is preloaded intentionally. @ http://localhost:3000/news:0
[    5412ms] [WARNING] The resource http://localhost:3000/_next/static/media/8201559e247ad180-s.p.woff2 was preloaded using link preload but not used within a few seconds from the window's load event. Please make sure it has an appropriate `as` value and it is preloaded intentionally. @ http://localhost:3000/news:0
[    5412ms] [WARNING] The resource http://localhost:3000/_next/static/media/2173e4bb28c315da-s.p.woff2 was preloaded using link preload but not used within a few seconds from the window's load event. Please make sure it has an appropriate `as` value and it is preloaded intentionally. @ http://localhost:3000/news:0
[    5412ms] [WARNING] The resource http://localhost:3000/_next/static/media/25ab8995c98996d7-s.p.woff2 was preloaded using link preload but not used within a few seconds from the window's load event. Please make sure it has an appropriate `as` value and it is preloaded intentionally. @ http://localhost:3000/news:0
[    5412ms] [WARNING] The resource http://localhost:3000/_next/static/media/e270c9fc4fe96f5a-s.p.woff2 was preloaded using link preload but not used within a few seconds from the window's load event. Please make sure it has an appropriate `as` value and it is preloaded intentionally. @ http://localhost:3000/news:0
[    5412ms] [WARNING] The resource http://localhost:3000/_next/static/media/636a5ac981f94f8b-s.p.woff2 was preloaded using link preload but not used within a few seconds from the window's load event. Please make sure it has an appropriate `as` value and it is preloaded intentionally. @ http://localhost:3000/news:0
